// Jest Snapshot v1, https://goo.gl/fbAQLP

exports[`LandingPage should render correctly in "debug" mode 1`] = `
ShallowWrapper {
  Symbol(enzyme.__root__): [Circular],
  Symbol(enzyme.__unrendered__): <App
    debug={true}
  />,
  Symbol(enzyme.__renderer__): Object {
    "batchedUpdates": [Function],
    "getNode": [Function],
    "render": [Function],
    "simulateError": [Function],
    "simulateEvent": [Function],
    "unmount": [Function],
  },
  Symbol(enzyme.__node__): Object {
    "instance": null,
    "key": undefined,
    "nodeType": "host",
    "props": Object {
      "children": Array [
        <Header />,
        <Body
          src={
            Array [
              "https://f4.bcbits.com/img/0010067948_20.jpg",
              "https://i.ytimg.com/vi/0vfLj6kaSFY/maxresdefault.jpg",
              "https://i.redd.it/tfp6ryte6fsy.jpg",
              "https://vignette.wikia.nocookie.net/rickandmorty/images/1/1c/S2e10_squanchy_not_ricks_bff.png/revision/latest?cb=20160923050635",
            ]
          }
        />,
      ],
      "className": "headerDiv",
    },
    "ref": null,
    "rendered": Array [
      Object {
        "instance": null,
        "key": undefined,
        "nodeType": "class",
        "props": Object {},
        "ref": null,
        "rendered": null,
        "type": [Function],
      },
      Object {
        "instance": null,
        "key": undefined,
        "nodeType": "class",
        "props": Object {
          "src": Array [
            "https://f4.bcbits.com/img/0010067948_20.jpg",
            "https://i.ytimg.com/vi/0vfLj6kaSFY/maxresdefault.jpg",
            "https://i.redd.it/tfp6ryte6fsy.jpg",
            "https://vignette.wikia.nocookie.net/rickandmorty/images/1/1c/S2e10_squanchy_not_ricks_bff.png/revision/latest?cb=20160923050635",
          ],
        },
        "ref": null,
        "rendered": null,
        "type": [Function],
      },
    ],
    "type": "div",
  },
  Symbol(enzyme.__nodes__): Array [
    Object {
      "instance": null,
      "key": undefined,
      "nodeType": "host",
      "props": Object {
        "children": Array [
          <Header />,
          <Body
            src={
              Array [
                "https://f4.bcbits.com/img/0010067948_20.jpg",
                "https://i.ytimg.com/vi/0vfLj6kaSFY/maxresdefault.jpg",
                "https://i.redd.it/tfp6ryte6fsy.jpg",
                "https://vignette.wikia.nocookie.net/rickandmorty/images/1/1c/S2e10_squanchy_not_ricks_bff.png/revision/latest?cb=20160923050635",
              ]
            }
          />,
        ],
        "className": "headerDiv",
      },
      "ref": null,
      "rendered": Array [
        Object {
          "instance": null,
          "key": undefined,
          "nodeType": "class",
          "props": Object {},
          "ref": null,
          "rendered": null,
          "type": [Function],
        },
        Object {
          "instance": null,
          "key": undefined,
          "nodeType": "class",
          "props": Object {
            "src": Array [
              "https://f4.bcbits.com/img/0010067948_20.jpg",
              "https://i.ytimg.com/vi/0vfLj6kaSFY/maxresdefault.jpg",
              "https://i.redd.it/tfp6ryte6fsy.jpg",
              "https://vignette.wikia.nocookie.net/rickandmorty/images/1/1c/S2e10_squanchy_not_ricks_bff.png/revision/latest?cb=20160923050635",
            ],
          },
          "ref": null,
          "rendered": null,
          "type": [Function],
        },
      ],
      "type": "div",
    },
  ],
  Symbol(enzyme.__options__): Object {
    "adapter": ReactSixteenAdapter {
      "options": Object {
        "enableComponentDidUpdateOnSetState": true,
        "lifecycles": Object {
          "componentDidUpdate": Object {
            "onSetState": true,
          },
          "getDerivedStateFromProps": true,
          "getSnapshotBeforeUpdate": true,
          "setState": Object {
            "skipsComponentDidUpdateOnNullish": true,
          },
        },
      },
    },
  },
}
`;
